error: missing #[opt = 'â€¦'] attribute
 --> $DIR/missing-opt.rs:8:5
  |
8 |     B,
  |     ^
