error: #[opt] requires an ASCII alphanumeric character
 --> $DIR/non-ascii.rs:5:5
  |
5 |     #[opt = 'Î©']
  |     ^
